exports[`test Snapshot 1`] = `
<div
  className="grid"
  style={
    Object {
      "height": "24px",
      "width": "24px",
    }
  }>
  <Cell
    flagged={false}
    handleLeftClick={[Function]}
    handleRightClick={[Function]}
    index={0}
    opened={false}
    value={2} />
  <Cell
    flagged={false}
    handleLeftClick={[Function]}
    handleRightClick={[Function]}
    index={1}
    opened={false}
    value={2} />
  <Cell
    flagged={false}
    handleLeftClick={[Function]}
    handleRightClick={[Function]}
    index={2}
    opened={false}
    value={2} />
  <Cell
    flagged={false}
    handleLeftClick={[Function]}
    handleRightClick={[Function]}
    index={3}
    opened={false}
    value={2} />
  <Cell
    flagged={false}
    handleLeftClick={[Function]}
    handleRightClick={[Function]}
    index={4}
    opened={false}
    value={2} />
  <Cell
    flagged={false}
    handleLeftClick={[Function]}
    handleRightClick={[Function]}
    index={5}
    opened={false}
    value={2} />
  <Cell
    flagged={false}
    handleLeftClick={[Function]}
    handleRightClick={[Function]}
    index={6}
    opened={false}
    value={2} />
  <Cell
    flagged={false}
    handleLeftClick={[Function]}
    handleRightClick={[Function]}
    index={7}
    opened={false}
    value={2} />
  <Cell
    flagged={false}
    handleLeftClick={[Function]}
    handleRightClick={[Function]}
    index={8}
    opened={false}
    value={2} />
  <Cell
    flagged={false}
    handleLeftClick={[Function]}
    handleRightClick={[Function]}
    index={9}
    opened={false}
    value={2} />
  <Cell
    flagged={false}
    handleLeftClick={[Function]}
    handleRightClick={[Function]}
    index={10}
    opened={false}
    value={2} />
  <Cell
    flagged={false}
    handleLeftClick={[Function]}
    handleRightClick={[Function]}
    index={11}
    opened={false}
    value={2} />
  <Cell
    flagged={false}
    handleLeftClick={[Function]}
    handleRightClick={[Function]}
    index={12}
    opened={false}
    value={2} />
  <Cell
    flagged={false}
    handleLeftClick={[Function]}
    handleRightClick={[Function]}
    index={13}
    opened={false}
    value={2} />
  <Cell
    flagged={false}
    handleLeftClick={[Function]}
    handleRightClick={[Function]}
    index={14}
    opened={false}
    value={2} />
  <Cell
    flagged={false}
    handleLeftClick={[Function]}
    handleRightClick={[Function]}
    index={15}
    opened={false}
    value={2} />
  <Cell
    flagged={false}
    handleLeftClick={[Function]}
    handleRightClick={[Function]}
    index={16}
    opened={false}
    value={2} />
  <Cell
    flagged={false}
    handleLeftClick={[Function]}
    handleRightClick={[Function]}
    index={17}
    opened={false}
    value={2} />
  <Cell
    flagged={false}
    handleLeftClick={[Function]}
    handleRightClick={[Function]}
    index={18}
    opened={false}
    value={2} />
  <Cell
    flagged={false}
    handleLeftClick={[Function]}
    handleRightClick={[Function]}
    index={19}
    opened={false}
    value={2} />
</div>
`;
