exports[`test Snapshot 1`] = `
<div>
  <button
    className="dialog-close">
    <i
      className="icon-close" />
  </button>
  <div
    className="hs-row">
    <h2>
      Easy
    </h2>
    <ol>
      <li
        className="hs">
        <div
          className="hs-name">
          Bob
        </div>
        <div
          className="hs-time">
          45
           secs
        </div>
        <div
          className="hs-date">
          foo
        </div>
      </li>
      <li
        className="hs">
        <div
          className="hs-name">
          Bah
        </div>
        <div
          className="hs-time">
          30
           secs
        </div>
        <div
          className="hs-date">
          bar
        </div>
      </li>
    </ol>
  </div>
  <div
    className="hs-row">
    <h2>
      Medium
    </h2>
    <ol>
      <li
        className="hs">
        <div
          className="hs-name">
          Boo
        </div>
        <div
          className="hs-time">
          20
           secs
        </div>
        <div
          className="hs-date">
          baz
        </div>
      </li>
    </ol>
  </div>
  <div
    className="hs-row">
    <h2>
      Hard
    </h2>
    <ol />
  </div>
</div>
`;
